2026/05/10 00:44:05 main.go:33: Logging activado en: ./logs/full.log
2026/05/10 00:44:05 main.go:38: Error conectando a bd: pq: no existe el rol «sistema_balance» (28000)
2026/05/10 00:45:17 main.go:33: Logging activado en: ./logs/full.log
2026/05/10 00:45:17 main.go:64: Servidor escuchando en :9821
2026/05/10 00:47:41 main.go:33: Logging activado en: ./logs/full.log
2026/05/10 00:47:41 main.go:64: Servidor escuchando en :9821
2026/05/10 00:52:22 log.go:38: [PUT] /m/cuenta/1 HTTP/1.1 - Estado: 404, Tamaño: 19 bytes, Duracion: 24.395µs, IP: [::1]:41200, Peticion: {}
2026/05/10 00:52:29 balance.go:51: Error: missing destination name id in *dto.HistorialCuenta
2026/05/10 00:52:29 log.go:38: [PUT] /p/m/cuenta/1 HTTP/1.1 - Estado: 409, Tamaño: 43 bytes, Duracion: 900.769µs, IP: [::1]:47612, Peticion: {}
2026/05/10 00:56:01 balance.go:51: Error: missing destination name id in *dto.HistorialCuenta
2026/05/10 00:56:01 log.go:38: [PUT] /p/m/cuenta/1 HTTP/1.1 - Estado: 409, Tamaño: 43 bytes, Duracion: 321.244µs, IP: [::1]:56490, Peticion: {}
2026/05/10 00:56:13 main.go:33: Logging activado en: ./logs/full.log
2026/05/10 00:56:13 main.go:64: Servidor escuchando en :9821
2026/05/10 00:56:17 balance.go:51: Error: missing destination name id in *dto.HistorialCuenta
2026/05/10 00:56:17 log.go:38: [PUT] /p/m/cuenta/1 HTTP/1.1 - Estado: 409, Tamaño: 43 bytes, Duracion: 895.929µs, IP: [::1]:48602, Peticion: {}
2026/05/10 00:57:39 main.go:33: Logging activado en: ./logs/full.log
2026/05/10 00:57:39 main.go:64: Servidor escuchando en :9821
2026/05/10 00:57:43 log.go:38: [PUT] /p/m/cuenta/1 HTTP/1.1 - Estado: 200, Tamaño: 127 bytes, Duracion: 2.466338ms, IP: [::1]:58212, Peticion: {}
2026/05/10 00:57:55 log.go:38: [PUT] /p/m/cuenta/1 HTTP/1.1 - Estado: 200, Tamaño: 127 bytes, Duracion: 1.197695ms, IP: [::1]:53756, Peticion: {}
2026/05/10 00:57:58 log.go:38: [PUT] /p/m/cuenta/1 HTTP/1.1 - Estado: 200, Tamaño: 127 bytes, Duracion: 863.801µs, IP: [::1]:53772, Peticion: {}
2026/05/10 00:57:59 log.go:38: [PUT] /p/m/cuenta/1 HTTP/1.1 - Estado: 200, Tamaño: 127 bytes, Duracion: 843.75µs, IP: [::1]:53784, Peticion: {}
2026/05/10 00:58:06 log.go:38: [PUT] /p/m/cuenta/1 HTTP/1.1 - Estado: 200, Tamaño: 127 bytes, Duracion: 1.176905ms, IP: [::1]:38972, Peticion: {}
2026/05/10 00:58:08 log.go:38: [PUT] /p/m/cuenta/1 HTTP/1.1 - Estado: 200, Tamaño: 127 bytes, Duracion: 1.293791ms, IP: [::1]:38978, Peticion: {}
2026/05/10 00:58:09 log.go:38: [PUT] /p/m/cuenta/1 HTTP/1.1 - Estado: 200, Tamaño: 127 bytes, Duracion: 1.263258ms, IP: [::1]:38982, Peticion: {}
2026/05/10 00:58:10 log.go:38: [PUT] /p/m/cuenta/1 HTTP/1.1 - Estado: 200, Tamaño: 127 bytes, Duracion: 1.238827ms, IP: [::1]:38990, Peticion: {}
2026/05/10 00:58:10 log.go:38: [PUT] /p/m/cuenta/1 HTTP/1.1 - Estado: 200, Tamaño: 127 bytes, Duracion: 1.110398ms, IP: [::1]:38994, Peticion: {}
2026/05/10 00:58:10 log.go:38: [PUT] /p/m/cuenta/1 HTTP/1.1 - Estado: 200, Tamaño: 127 bytes, Duracion: 1.108743ms, IP: [::1]:39008, Peticion: {}
2026/05/10 00:58:10 log.go:38: [PUT] /p/m/cuenta/1 HTTP/1.1 - Estado: 200, Tamaño: 127 bytes, Duracion: 790.583µs, IP: [::1]:39012, Peticion: {}
2026/05/10 00:58:10 log.go:38: [PUT] /p/m/cuenta/1 HTTP/1.1 - Estado: 200, Tamaño: 127 bytes, Duracion: 1.111064ms, IP: [::1]:39022, Peticion: {}
2026/05/10 00:58:11 log.go:38: [PUT] /p/m/cuenta/1 HTTP/1.1 - Estado: 200, Tamaño: 127 bytes, Duracion: 903.72µs, IP: [::1]:39026, Peticion: {}
2026/05/10 01:03:07 log.go:38: [PUT] /p/m/cuenta/1 HTTP/1.1 - Estado: 200, Tamaño: 127 bytes, Duracion: 1.102182ms, IP: [::1]:59042, Peticion: {}
2026/05/10 01:03:08 log.go:38: [PUT] /p/m/cuenta/1 HTTP/1.1 - Estado: 200, Tamaño: 127 bytes, Duracion: 1.082787ms, IP: [::1]:59052, Peticion: {}
2026/05/10 01:03:28 log.go:38: [PUT] /p/m/cuenta/1 HTTP/1.1 - Estado: 200, Tamaño: 127 bytes, Duracion: 1.365949ms, IP: [::1]:60198, Peticion: {}
2026/05/10 01:03:29 log.go:38: [PUT] /p/m/cuenta/1 HTTP/1.1 - Estado: 200, Tamaño: 127 bytes, Duracion: 1.147161ms, IP: [::1]:60214, Peticion: {}
2026/05/10 01:05:19 log.go:38: [PUT] /p/m/cuenta/1 HTTP/1.1 - Estado: 200, Tamaño: 126 bytes, Duracion: 1.10157ms, IP: [::1]:36246, Peticion: {}
2026/05/10 01:05:20 log.go:38: [PUT] /p/m/cuenta/1 HTTP/1.1 - Estado: 200, Tamaño: 127 bytes, Duracion: 1.136254ms, IP: [::1]:36262, Peticion: {}
2026/05/10 01:24:51 main.go:33: Logging activado en: ./logs/full.log
2026/05/10 01:24:51 main.go:64: Servidor escuchando en :9821
2026/05/10 01:24:55 log.go:38: [PUT] /p/m/cuenta/1 HTTP/1.1 - Estado: 401, Tamaño: 38 bytes, Duracion: 115.085µs, IP: [::1]:35966, Peticion: {}
2026/05/10 01:25:26 log.go:38: [PUT] /p/m/cuenta/1 HTTP/1.1 - Estado: 401, Tamaño: 38 bytes, Duracion: 58.057µs, IP: [::1]:53624, Peticion: {}
2026/05/10 01:25:45 log.go:38: [PUT] /p/m/cuenta/1 HTTP/1.1 - Estado: 200, Tamaño: 127 bytes, Duracion: 2.972684ms, IP: [::1]:48436, Peticion: {}
2026/05/10 01:25:47 log.go:38: [PUT] /p/m/cuenta/1 HTTP/1.1 - Estado: 200, Tamaño: 127 bytes, Duracion: 1.231855ms, IP: [::1]:48440, Peticion: {}
2026/05/10 01:31:21 balance.go:57: Error: could not find name usuario_id in dto.Cuenta{ID:0, Creado:time.Date(1, time.January, 1, 0, 0, 0, 0, time.UTC), UltMod:time.Date(1, time.January, 1, 0, 0, 0, 0, time.UTC), Estado:"", Deuda:false, UsuarioID:0, EmpresaID:0, Nombre:"uwuwuwuw dado de altaaa", Monto:[]dto.MontoCuenta(nil), UltTransacciones:[]dto.Transaccion(nil)}
2026/05/10 01:31:21 log.go:38: [POST] /p/a/cuenta HTTP/1.1 - Estado: 409, Tamaño: 46 bytes, Duracion: 375.841µs, IP: [::1]:35894, Peticion: &{%!s(*io.LimitedReader=&{0x2fcb8a49a240 0}) <nil> %!s(*bufio.Reader=<nil>) %!s(bool=false) %!s(bool=true) {{} {%!s(int32=0) %!s(uint32=0)}} %!s(bool=true) %!s(bool=false) %!s(bool=false) %!s(func()=0x649080)}
2026/05/10 01:34:04 main.go:33: Logging activado en: ./logs/full.log
2026/05/10 01:34:04 main.go:64: Servidor escuchando en :9821
2026/05/10 01:34:08 balance.go:57: Error: could not find name usuario_id in dto.Cuenta{ID:0, Creado:time.Date(1, time.January, 1, 0, 0, 0, 0, time.UTC), UltMod:time.Date(1, time.January, 1, 0, 0, 0, 0, time.UTC), Estado:"", Deuda:false, UsuarioID:1, EmpresaID:1, Nombre:"uwuwuwuw dado de altaaa", Monto:[]dto.MontoCuenta(nil), UltTransacciones:[]dto.Transaccion(nil)}
2026/05/10 01:34:08 log.go:38: [POST] /p/a/cuenta HTTP/1.1 - Estado: 409, Tamaño: 46 bytes, Duracion: 701.757µs, IP: [::1]:38464, Peticion: &{%!s(*io.LimitedReader=&{0x2a9d8ab9a480 0}) <nil> %!s(*bufio.Reader=<nil>) %!s(bool=false) %!s(bool=true) {{} {%!s(int32=0) %!s(uint32=0)}} %!s(bool=true) %!s(bool=false) %!s(bool=false) %!s(func()=0x649080)}
2026/05/10 01:35:10 balance.go:57: Error: could not find name usuario_id in dto.Cuenta{ID:0, Creado:time.Date(1, time.January, 1, 0, 0, 0, 0, time.UTC), UltMod:time.Date(1, time.January, 1, 0, 0, 0, 0, time.UTC), Estado:"", Deuda:false, UsuarioID:1, EmpresaID:1, Nombre:"uwuwuwuw dado de altaaa", Monto:[]dto.MontoCuenta(nil), UltTransacciones:[]dto.Transaccion(nil)}
2026/05/10 01:35:10 log.go:38: [POST] /p/a/cuenta HTTP/1.1 - Estado: 409, Tamaño: 46 bytes, Duracion: 247.557µs, IP: [::1]:38872, Peticion: &{%!s(*io.LimitedReader=&{0x2a9d8ab9a6c0 0}) <nil> %!s(*bufio.Reader=<nil>) %!s(bool=false) %!s(bool=true) {{} {%!s(int32=0) %!s(uint32=0)}} %!s(bool=true) %!s(bool=false) %!s(bool=false) %!s(func()=0x649080)}
2026/05/10 01:35:58 main.go:33: Logging activado en: ./logs/full.log
2026/05/10 01:35:58 main.go:64: Servidor escuchando en :9821
2026/05/10 01:36:00 balance.go:57: Error: could not find name usuario_id in dto.Cuenta{ID:0, Creado:time.Date(1, time.January, 1, 0, 0, 0, 0, time.UTC), UltMod:time.Date(1, time.January, 1, 0, 0, 0, 0, time.UTC), Estado:"", Deuda:false, UsuarioID:1, EmpresaID:1, Nombre:"uwuwuwuw dado de altaaa", Monto:[]dto.MontoCuenta(nil), UltTransacciones:[]dto.Transaccion(nil)}
2026/05/10 01:36:00 log.go:38: [POST] /p/a/cuenta HTTP/1.1 - Estado: 500, Tamaño: 46 bytes, Duracion: 662.118µs, IP: [::1]:34744, Peticion: &{%!s(*io.LimitedReader=&{0x7230968e000 0}) <nil> %!s(*bufio.Reader=<nil>) %!s(bool=false) %!s(bool=true) {{} {%!s(int32=0) %!s(uint32=0)}} %!s(bool=true) %!s(bool=false) %!s(bool=false) %!s(func()=0x649080)}
2026/05/10 01:37:16 main.go:33: Logging activado en: ./logs/full.log
2026/05/10 01:37:16 main.go:64: Servidor escuchando en :9821
2026/05/10 01:37:28 balance.go:57: Error: pq: llave duplicada viola restricción de unicidad «cuenta_usuario_id_nombre_key» (23505)
2026/05/10 01:37:28 log.go:38: [POST] /p/a/cuenta HTTP/1.1 - Estado: 500, Tamaño: 46 bytes, Duracion: 2.652139ms, IP: [::1]:44588, Peticion: &{%!s(*io.LimitedReader=&{0x355a2f61c120 0}) <nil> %!s(*bufio.Reader=<nil>) %!s(bool=false) %!s(bool=true) {{} {%!s(int32=0) %!s(uint32=0)}} %!s(bool=true) %!s(bool=false) %!s(bool=false) %!s(func()=0x649080)}
2026/05/10 01:41:02 log.go:38: [POST] /p/a/cuenta HTTP/1.1 - Estado: 401, Tamaño: 38 bytes, Duracion: 50.799µs, IP: [::1]:50500, Peticion: &{%!s(*io.LimitedReader=&{0x355a2f448360 83}) <nil> %!s(*bufio.Reader=<nil>) %!s(bool=false) %!s(bool=true) {{} {%!s(int32=0) %!s(uint32=0)}} %!s(bool=false) %!s(bool=false) %!s(bool=false) %!s(func()=0x649080)}
2026/05/10 01:41:12 balance.go:57: Error: pq: llave duplicada viola restricción de unicidad «cuenta_usuario_id_nombre_key» (23505)
2026/05/10 01:41:12 log.go:38: [POST] /p/a/cuenta HTTP/1.1 - Estado: 500, Tamaño: 46 bytes, Duracion: 1.13541ms, IP: [::1]:37170, Peticion: &{%!s(*io.LimitedReader=&{0x355a2f4483c0 0}) <nil> %!s(*bufio.Reader=<nil>) %!s(bool=false) %!s(bool=true) {{} {%!s(int32=0) %!s(uint32=0)}} %!s(bool=true) %!s(bool=false) %!s(bool=false) %!s(func()=0x649080)}
2026/05/10 01:44:26 server.go:3650: http: panic serving [::1]:33732: runtime error: invalid memory address or nil pointer dereference
goroutine 21 [running]:
net/http.(*conn).serve.func1()
	/usr/lib/go/src/net/http/server.go:1907 +0xbd
panic({0x77f4a0?, 0xaf69d0?})
	/usr/lib/go/src/runtime/panic.go:860 +0x13a
sistema-balance/control.AbrirCerrarCuenta({0x813938, 0x355a2f6163e0}, 0x355a2f62d540)
	/home/fran/Proyectos/Golang/Balance/src/control/balance.go:98 +0x2b9
net/http.HandlerFunc.ServeHTTP(0x814548?, {0x813938?, 0x355a2f6163e0?}, 0x80e200?)
	/usr/lib/go/src/net/http/server.go:2286 +0x29
sistema-balance/middleware.AuthMiddleware.func1({0x813938, 0x355a2f6163e0}, 0x355a2f62d400)
	/home/fran/Proyectos/Golang/Balance/src/middleware/auth.go:37 +0x1e3
net/http.HandlerFunc.ServeHTTP(0x355a2f62d2c0?, {0x813938?, 0x355a2f6163e0?}, 0x48387f?)
	/usr/lib/go/src/net/http/server.go:2286 +0x29
github.com/gorilla/mux.(*Router).ServeHTTP(0x355a2f628000, {0x813938, 0x355a2f6163e0}, 0x355a2f62d180)
	/home/fran/go/pkg/mod/github.com/gorilla/mux@v1.8.1/mux.go:212 +0x1e2
main.main.LoggingMiddleware.func8({0x8139f8, 0x355a2f6425a0}, 0x355a2f62d180)
	/home/fran/Proyectos/Golang/Balance/src/middleware/log.go:35 +0xc8
net/http.HandlerFunc.ServeHTTP(0x355a2f61f4a0?, {0x8139f8?, 0x355a2f6425a0?}, 0x1?)
	/usr/lib/go/src/net/http/server.go:2286 +0x29
github.com/gorilla/handlers.(*cors).ServeHTTP(0x355a2f630090, {0x8139f8, 0x355a2f6425a0}, 0x355a2f62d180)
	/home/fran/go/pkg/mod/github.com/gorilla/handlers@v1.5.2/cors.go:54 +0x335
net/http.serverHandler.ServeHTTP({0x355a2f63e580?}, {0x8139f8?, 0x355a2f6425a0?}, 0x6?)
	/usr/lib/go/src/net/http/server.go:3311 +0x8e
net/http.(*conn).serve(0x355a2f630b40, {0x814548, 0x355a2f61e630})
	/usr/lib/go/src/net/http/server.go:2073 +0x650
created by net/http.(*Server).Serve in goroutine 1
	/usr/lib/go/src/net/http/server.go:3464 +0x485
2026/05/10 01:44:47 main.go:33: Logging activado en: ./logs/full.log
2026/05/10 01:44:47 main.go:64: Servidor escuchando en :9821
2026/05/10 01:46:41 main.go:33: Logging activado en: ./logs/full.log
2026/05/10 01:46:41 main.go:64: Servidor escuchando en :9821
2026/05/10 01:46:49 balance_postgresql.go:27: Error: pq: llave duplicada viola restricción de unicidad «cuenta_usuario_id_nombre_key» (23505)
2026/05/10 01:46:49 balance.go:55: Error: pq: llave duplicada viola restricción de unicidad «cuenta_usuario_id_nombre_key» (23505)
2026/05/10 01:46:49 log.go:38: [POST] /p/a/cuenta HTTP/1.1 - Estado: 500, Tamaño: 46 bytes, Duracion: 1.965939ms, IP: [::1]:60804, Peticion: &{%!s(*io.LimitedReader=&{0x3f3c50084480 0}) <nil> %!s(*bufio.Reader=<nil>) %!s(bool=false) %!s(bool=true) {{} {%!s(int32=0) %!s(uint32=0)}} %!s(bool=true) %!s(bool=false) %!s(bool=false) %!s(func()=0x649080)}
2026/05/10 01:47:46 main.go:33: Logging activado en: ./logs/full.log
2026/05/10 01:47:46 main.go:64: Servidor escuchando en :9821
2026/05/10 01:47:50 balance_postgresql.go:27: Error: pq: llave duplicada viola restricción de unicidad «cuenta_usuario_id_nombre_key» (23505)
2026/05/10 01:47:50 balance.go:55: Error: pq: llave duplicada viola restricción de unicidad «cuenta_usuario_id_nombre_key» (23505)
2026/05/10 01:47:50 log.go:38: [POST] /p/a/cuenta HTTP/1.1 - Estado: 500, Tamaño: 46 bytes, Duracion: 1.035941ms, IP: [::1]:51372, Peticion: &{%!s(*io.LimitedReader=&{0x134b90804480 0}) <nil> %!s(*bufio.Reader=<nil>) %!s(bool=false) %!s(bool=true) {{} {%!s(int32=0) %!s(uint32=0)}} %!s(bool=true) %!s(bool=false) %!s(bool=false) %!s(func()=0x649080)}
2026/05/10 01:48:01 main.go:33: Logging activado en: ./logs/full.log
2026/05/10 01:48:01 main.go:64: Servidor escuchando en :9821
2026/05/10 01:48:06 main.go:33: Logging activado en: ./logs/full.log
2026/05/10 01:48:06 main.go:64: Servidor escuchando en :9821
2026/05/10 01:48:15 balance_postgresql.go:27: Error: pq: llave duplicada viola restricción de unicidad «cuenta_usuario_id_nombre_key» (23505)
2026/05/10 01:48:15 balance.go:55: Error: pq: llave duplicada viola restricción de unicidad «cuenta_usuario_id_nombre_key» (23505)
2026/05/10 01:48:15 log.go:38: [POST] /p/a/cuenta HTTP/1.1 - Estado: 500, Tamaño: 46 bytes, Duracion: 1.856583ms, IP: [::1]:45696, Peticion: &{%!s(*io.LimitedReader=&{0x11c64ca16480 0}) <nil> %!s(*bufio.Reader=<nil>) %!s(bool=false) %!s(bool=true) {{} {%!s(int32=0) %!s(uint32=0)}} %!s(bool=true) %!s(bool=false) %!s(bool=false) %!s(func()=0x649080)}
2026/05/10 01:51:00 main.go:33: Logging activado en: ./logs/full.log
2026/05/10 01:51:00 main.go:64: Servidor escuchando en :9821
2026/05/10 01:51:10 balance_postgresql.go:27: Error: pq: llave duplicada viola restricción de unicidad «cuenta_usuario_id_nombre_empresa_id_key» (23505)
2026/05/10 01:51:10 balance.go:55: Error: pq: llave duplicada viola restricción de unicidad «cuenta_usuario_id_nombre_empresa_id_key» (23505)
2026/05/10 01:51:10 log.go:38: [POST] /p/a/cuenta HTTP/1.1 - Estado: 500, Tamaño: 46 bytes, Duracion: 1.729753ms, IP: [::1]:44384, Peticion: &{%!s(*io.LimitedReader=&{0xd898d492000 0}) <nil> %!s(*bufio.Reader=<nil>) %!s(bool=false) %!s(bool=true) {{} {%!s(int32=0) %!s(uint32=0)}} %!s(bool=true) %!s(bool=false) %!s(bool=false) %!s(func()=0x649080)}
2026/05/10 01:57:21 main.go:33: Logging activado en: ./logs/full.log
2026/05/10 01:57:21 main.go:64: Servidor escuchando en :9821
2026/05/10 01:57:24 log.go:38: [POST] /p/a/cuenta HTTP/1.1 - Estado: 401, Tamaño: 38 bytes, Duracion: 104.783µs, IP: [::1]:51512, Peticion: &{%!s(*io.LimitedReader=&{0x3195755d2480 54}) <nil> %!s(*bufio.Reader=<nil>) %!s(bool=false) %!s(bool=true) {{} {%!s(int32=0) %!s(uint32=0)}} %!s(bool=false) %!s(bool=false) %!s(bool=false) %!s(func()=0x649080)}
2026/05/10 01:57:37 log.go:38: [POST] /p/a/cuenta HTTP/1.1 - Estado: 200, Tamaño: 31 bytes, Duracion: 2.21424ms, IP: [::1]:35722, Peticion: &{%!s(*io.LimitedReader=&{0x319575798000 0}) <nil> %!s(*bufio.Reader=<nil>) %!s(bool=false) %!s(bool=true) {{} {%!s(int32=0) %!s(uint32=0)}} %!s(bool=true) %!s(bool=false) %!s(bool=false) %!s(func()=0x649080)}
2026/05/10 01:57:43 log.go:38: [POST] /p/a/cuenta HTTP/1.1 - Estado: 200, Tamaño: 31 bytes, Duracion: 1.123246ms, IP: [::1]:35736, Peticion: &{%!s(*io.LimitedReader=&{0x3195756ac000 0}) <nil> %!s(*bufio.Reader=<nil>) %!s(bool=false) %!s(bool=true) {{} {%!s(int32=0) %!s(uint32=0)}} %!s(bool=true) %!s(bool=false) %!s(bool=false) %!s(func()=0x649080)}
2026/05/10 02:04:52 main.go:33: Logging activado en: ./logs/full.log
2026/05/10 02:04:52 main.go:64: Servidor escuchando en :9821
2026/05/10 02:04:57 log.go:38: [POST] /p/a/cuenta HTTP/1.1 - Estado: 200, Tamaño: 31 bytes, Duracion: 1.490795ms, IP: [::1]:58908, Peticion: &{0x36e5adab0000 <nil> <nil> false true {{} {0 0}} true false false 0x649080}
2026/05/10 02:08:42 main.go:33: Logging activado en: ./logs/full.log
2026/05/10 02:08:42 main.go:64: Servidor escuchando en :9821
2026/05/10 02:08:48 log.go:45: [POST] /p/a/cuenta HTTP/1.1 - Estado: 200, Tamaño: 31 bytes, Duracion: 1.421179ms, IP: [::1]:35512, Peticion: []
2026/05/10 02:09:58 main.go:33: Logging activado en: ./logs/full.log
2026/05/10 02:09:58 main.go:64: Servidor escuchando en :9821
2026/05/10 02:10:03 log.go:44: [POST] /p/a/cuenta HTTP/1.1 - Estado: 200, Tamaño: 31 bytes, Duracion: 1.70297ms, IP: [::1]:54922, Peticion: 
2026/05/10 02:12:27 main.go:33: Logging activado en: ./logs/full.log
2026/05/10 02:12:27 main.go:64: Servidor escuchando en :9821
2026/05/10 02:12:34 log.go:50: [POST] /p/a/cuenta HTTP/1.1 - Estado: 401, Tamaño: 38 bytes, Duracion: 107.766µs, IP: [::1]:57650, Peticion: {
  "nombre": "cuentatest1123123",
  "permite_deuda": false
}
2026/05/10 02:12:42 log.go:50: [POST] /p/a/cuenta HTTP/1.1 - Estado: 200, Tamaño: 31 bytes, Duracion: 1.628783ms, IP: [::1]:57664, Peticion: {
  "nombre": "cuentatest1123123",
  "permite_deuda": false
}
